[backblue.gif]
[fade.gif]
[index.html]
[m.mgwin884.com/mega/img/Downloadbg.png]
[m.mgwin884.com/mega/img/tip.jpg]
[m.mgwin884.com/mega/img/logo.png]
[m.mgwin884.com/mega/res/jquery-1.4.2.min.js]
[m.mgwin884.com/mega/index.html]
[m.mgwin884.com/mega/res/dist/fonts/glyphicons-halflings-regular.eot]
[m.mgwin884.com/mega/res/dist/fonts/glyphicons-halflings-regulard41d.eot]
[m.mgwin884.com/mega/res/dist/fonts/glyphicons-halflings-regular.woff2]
[m.mgwin884.com/mega/res/dist/fonts/glyphicons-halflings-regular.woff]
[m.mgwin884.com/mega/res/dist/fonts/glyphicons-halflings-regular.ttf]
[m.mgwin884.com/mega/res/dist/css/bootstrap.min.css]
[m.mgwin884.com/mega/res/dist/css/AdminLTE.min.css]
[m.mgwin884.com/mega/res/dist/fonts/fontawesome-webfont93e3.eot]
[m.mgwin884.com/mega/res/dist/fonts/fontawesome-webfontd41d.eot]
[m.mgwin884.com/mega/res/dist/fonts/fontawesome-webfont93e3.woff2]
[m.mgwin884.com/mega/res/dist/fonts/fontawesome-webfont93e3.woff]
[m.mgwin884.com/mega/res/dist/fonts/fontawesome-webfont93e3.ttf]
[m.mgwin884.com/mega/res/dist/css/font-awesome.min.css]
[m.mgwin884.com/mega/itms-services_/index18cb.html]
[m.mgwin884.com/mega/itms-services_/index3083.html]
[m.mgwin884.com/mega/itms-services_/index8d77.html]
[m.mgwin884.com/mega/res/dist/fonts/glyphicons-halflings-regular.svg]
[m.mgwin884.com/mega/res/dist/img/boxed-bg.html]
[m.mgwin884.com/mega/res/dist/fonts/fontawesome-webfont93e3.svg]
